C:/Users/victo/Desktop/fara intersectie/bootcamp_nxp/startup/startup_mcxn947_cm33_core0.c:613:6:data_init	4	static
C:/Users/victo/Desktop/fara intersectie/bootcamp_nxp/startup/startup_mcxn947_cm33_core0.c:622:6:bss_init	0	static
C:/Users/victo/Desktop/fara intersectie/bootcamp_nxp/startup/startup_mcxn947_cm33_core0.c:647:6:ResetISR	0	static
C:/Users/victo/Desktop/fara intersectie/bootcamp_nxp/startup/startup_mcxn947_cm33_core0.c:733:14:NMI_Handler	0	static
C:/Users/victo/Desktop/fara intersectie/bootcamp_nxp/startup/startup_mcxn947_cm33_core0.c:737:14:HardFault_Handler	0	static
C:/Users/victo/Desktop/fara intersectie/bootcamp_nxp/startup/startup_mcxn947_cm33_core0.c:741:14:MemManage_Handler	0	static
C:/Users/victo/Desktop/fara intersectie/bootcamp_nxp/startup/startup_mcxn947_cm33_core0.c:745:14:BusFault_Handler	0	static
C:/Users/victo/Desktop/fara intersectie/bootcamp_nxp/startup/startup_mcxn947_cm33_core0.c:749:14:UsageFault_Handler	0	static
C:/Users/victo/Desktop/fara intersectie/bootcamp_nxp/startup/startup_mcxn947_cm33_core0.c:753:14:SecureFault_Handler	0	static
C:/Users/victo/Desktop/fara intersectie/bootcamp_nxp/startup/startup_mcxn947_cm33_core0.c:757:14:SVC_Handler	0	static
C:/Users/victo/Desktop/fara intersectie/bootcamp_nxp/startup/startup_mcxn947_cm33_core0.c:761:14:DebugMon_Handler	0	static
C:/Users/victo/Desktop/fara intersectie/bootcamp_nxp/startup/startup_mcxn947_cm33_core0.c:765:14:PendSV_Handler	0	static
C:/Users/victo/Desktop/fara intersectie/bootcamp_nxp/startup/startup_mcxn947_cm33_core0.c:769:14:SysTick_Handler	0	static
C:/Users/victo/Desktop/fara intersectie/bootcamp_nxp/startup/startup_mcxn947_cm33_core0.c:777:14:IntDefaultHandler	0	static
C:/Users/victo/Desktop/fara intersectie/bootcamp_nxp/startup/startup_mcxn947_cm33_core0.c:787:11:OR_IRQHandler	8	static
C:/Users/victo/Desktop/fara intersectie/bootcamp_nxp/startup/startup_mcxn947_cm33_core0.c:791:11:EDMA_0_CH0_IRQHandler	8	static
C:/Users/victo/Desktop/fara intersectie/bootcamp_nxp/startup/startup_mcxn947_cm33_core0.c:795:11:EDMA_0_CH1_IRQHandler	8	static
C:/Users/victo/Desktop/fara intersectie/bootcamp_nxp/startup/startup_mcxn947_cm33_core0.c:799:11:EDMA_0_CH2_IRQHandler	8	static
C:/Users/victo/Desktop/fara intersectie/bootcamp_nxp/startup/startup_mcxn947_cm33_core0.c:803:11:EDMA_0_CH3_IRQHandler	8	static
C:/Users/victo/Desktop/fara intersectie/bootcamp_nxp/startup/startup_mcxn947_cm33_core0.c:807:11:EDMA_0_CH4_IRQHandler	8	static
C:/Users/victo/Desktop/fara intersectie/bootcamp_nxp/startup/startup_mcxn947_cm33_core0.c:811:11:EDMA_0_CH5_IRQHandler	8	static
C:/Users/victo/Desktop/fara intersectie/bootcamp_nxp/startup/startup_mcxn947_cm33_core0.c:815:11:EDMA_0_CH6_IRQHandler	8	static
C:/Users/victo/Desktop/fara intersectie/bootcamp_nxp/startup/startup_mcxn947_cm33_core0.c:819:11:EDMA_0_CH7_IRQHandler	8	static
C:/Users/victo/Desktop/fara intersectie/bootcamp_nxp/startup/startup_mcxn947_cm33_core0.c:823:11:EDMA_0_CH8_IRQHandler	8	static
C:/Users/victo/Desktop/fara intersectie/bootcamp_nxp/startup/startup_mcxn947_cm33_core0.c:827:11:EDMA_0_CH9_IRQHandler	8	static
C:/Users/victo/Desktop/fara intersectie/bootcamp_nxp/startup/startup_mcxn947_cm33_core0.c:831:11:EDMA_0_CH10_IRQHandler	8	static
C:/Users/victo/Desktop/fara intersectie/bootcamp_nxp/startup/startup_mcxn947_cm33_core0.c:835:11:EDMA_0_CH11_IRQHandler	8	static
C:/Users/victo/Desktop/fara intersectie/bootcamp_nxp/startup/startup_mcxn947_cm33_core0.c:839:11:EDMA_0_CH12_IRQHandler	8	static
C:/Users/victo/Desktop/fara intersectie/bootcamp_nxp/startup/startup_mcxn947_cm33_core0.c:843:11:EDMA_0_CH13_IRQHandler	8	static
C:/Users/victo/Desktop/fara intersectie/bootcamp_nxp/startup/startup_mcxn947_cm33_core0.c:847:11:EDMA_0_CH14_IRQHandler	8	static
C:/Users/victo/Desktop/fara intersectie/bootcamp_nxp/startup/startup_mcxn947_cm33_core0.c:851:11:EDMA_0_CH15_IRQHandler	8	static
C:/Users/victo/Desktop/fara intersectie/bootcamp_nxp/startup/startup_mcxn947_cm33_core0.c:855:11:GPIO00_IRQHandler	8	static
C:/Users/victo/Desktop/fara intersectie/bootcamp_nxp/startup/startup_mcxn947_cm33_core0.c:859:11:GPIO01_IRQHandler	8	static
C:/Users/victo/Desktop/fara intersectie/bootcamp_nxp/startup/startup_mcxn947_cm33_core0.c:863:11:GPIO10_IRQHandler	8	static
C:/Users/victo/Desktop/fara intersectie/bootcamp_nxp/startup/startup_mcxn947_cm33_core0.c:867:11:GPIO11_IRQHandler	8	static
C:/Users/victo/Desktop/fara intersectie/bootcamp_nxp/startup/startup_mcxn947_cm33_core0.c:871:11:GPIO20_IRQHandler	8	static
C:/Users/victo/Desktop/fara intersectie/bootcamp_nxp/startup/startup_mcxn947_cm33_core0.c:875:11:GPIO21_IRQHandler	8	static
C:/Users/victo/Desktop/fara intersectie/bootcamp_nxp/startup/startup_mcxn947_cm33_core0.c:879:11:GPIO30_IRQHandler	8	static
C:/Users/victo/Desktop/fara intersectie/bootcamp_nxp/startup/startup_mcxn947_cm33_core0.c:883:11:GPIO31_IRQHandler	8	static
C:/Users/victo/Desktop/fara intersectie/bootcamp_nxp/startup/startup_mcxn947_cm33_core0.c:887:11:GPIO40_IRQHandler	8	static
C:/Users/victo/Desktop/fara intersectie/bootcamp_nxp/startup/startup_mcxn947_cm33_core0.c:891:11:GPIO41_IRQHandler	8	static
C:/Users/victo/Desktop/fara intersectie/bootcamp_nxp/startup/startup_mcxn947_cm33_core0.c:895:11:GPIO50_IRQHandler	8	static
C:/Users/victo/Desktop/fara intersectie/bootcamp_nxp/startup/startup_mcxn947_cm33_core0.c:899:11:GPIO51_IRQHandler	8	static
C:/Users/victo/Desktop/fara intersectie/bootcamp_nxp/startup/startup_mcxn947_cm33_core0.c:903:11:UTICK0_IRQHandler	8	static
C:/Users/victo/Desktop/fara intersectie/bootcamp_nxp/startup/startup_mcxn947_cm33_core0.c:907:11:MRT0_IRQHandler	8	static
C:/Users/victo/Desktop/fara intersectie/bootcamp_nxp/startup/startup_mcxn947_cm33_core0.c:911:11:CTIMER0_IRQHandler	8	static
C:/Users/victo/Desktop/fara intersectie/bootcamp_nxp/startup/startup_mcxn947_cm33_core0.c:915:11:CTIMER1_IRQHandler	8	static
C:/Users/victo/Desktop/fara intersectie/bootcamp_nxp/startup/startup_mcxn947_cm33_core0.c:919:11:SCT0_IRQHandler	8	static
C:/Users/victo/Desktop/fara intersectie/bootcamp_nxp/startup/startup_mcxn947_cm33_core0.c:923:11:CTIMER2_IRQHandler	8	static
C:/Users/victo/Desktop/fara intersectie/bootcamp_nxp/startup/startup_mcxn947_cm33_core0.c:927:11:LP_FLEXCOMM0_IRQHandler	8	static
C:/Users/victo/Desktop/fara intersectie/bootcamp_nxp/startup/startup_mcxn947_cm33_core0.c:931:11:LP_FLEXCOMM1_IRQHandler	8	static
C:/Users/victo/Desktop/fara intersectie/bootcamp_nxp/startup/startup_mcxn947_cm33_core0.c:935:11:LP_FLEXCOMM2_IRQHandler	8	static
C:/Users/victo/Desktop/fara intersectie/bootcamp_nxp/startup/startup_mcxn947_cm33_core0.c:939:11:LP_FLEXCOMM3_IRQHandler	8	static
C:/Users/victo/Desktop/fara intersectie/bootcamp_nxp/startup/startup_mcxn947_cm33_core0.c:943:11:LP_FLEXCOMM4_IRQHandler	8	static
C:/Users/victo/Desktop/fara intersectie/bootcamp_nxp/startup/startup_mcxn947_cm33_core0.c:947:11:LP_FLEXCOMM5_IRQHandler	8	static
C:/Users/victo/Desktop/fara intersectie/bootcamp_nxp/startup/startup_mcxn947_cm33_core0.c:951:11:LP_FLEXCOMM6_IRQHandler	8	static
C:/Users/victo/Desktop/fara intersectie/bootcamp_nxp/startup/startup_mcxn947_cm33_core0.c:955:11:LP_FLEXCOMM7_IRQHandler	8	static
C:/Users/victo/Desktop/fara intersectie/bootcamp_nxp/startup/startup_mcxn947_cm33_core0.c:959:11:LP_FLEXCOMM8_IRQHandler	8	static
C:/Users/victo/Desktop/fara intersectie/bootcamp_nxp/startup/startup_mcxn947_cm33_core0.c:963:11:LP_FLEXCOMM9_IRQHandler	8	static
C:/Users/victo/Desktop/fara intersectie/bootcamp_nxp/startup/startup_mcxn947_cm33_core0.c:967:11:ADC0_IRQHandler	8	static
C:/Users/victo/Desktop/fara intersectie/bootcamp_nxp/startup/startup_mcxn947_cm33_core0.c:971:11:ADC1_IRQHandler	8	static
C:/Users/victo/Desktop/fara intersectie/bootcamp_nxp/startup/startup_mcxn947_cm33_core0.c:975:11:PINT0_IRQHandler	8	static
C:/Users/victo/Desktop/fara intersectie/bootcamp_nxp/startup/startup_mcxn947_cm33_core0.c:979:11:PDM_EVENT_IRQHandler	8	static
C:/Users/victo/Desktop/fara intersectie/bootcamp_nxp/startup/startup_mcxn947_cm33_core0.c:983:11:Reserved65_IRQHandler	8	static
C:/Users/victo/Desktop/fara intersectie/bootcamp_nxp/startup/startup_mcxn947_cm33_core0.c:987:11:USB0_FS_IRQHandler	8	static
C:/Users/victo/Desktop/fara intersectie/bootcamp_nxp/startup/startup_mcxn947_cm33_core0.c:991:11:USB0_DCD_IRQHandler	8	static
C:/Users/victo/Desktop/fara intersectie/bootcamp_nxp/startup/startup_mcxn947_cm33_core0.c:995:11:RTC_IRQHandler	8	static
C:/Users/victo/Desktop/fara intersectie/bootcamp_nxp/startup/startup_mcxn947_cm33_core0.c:999:11:SMARTDMA_IRQHandler	8	static
C:/Users/victo/Desktop/fara intersectie/bootcamp_nxp/startup/startup_mcxn947_cm33_core0.c:1003:11:MAILBOX_IRQHandler	8	static
C:/Users/victo/Desktop/fara intersectie/bootcamp_nxp/startup/startup_mcxn947_cm33_core0.c:1007:11:CTIMER3_IRQHandler	8	static
C:/Users/victo/Desktop/fara intersectie/bootcamp_nxp/startup/startup_mcxn947_cm33_core0.c:1011:11:CTIMER4_IRQHandler	8	static
C:/Users/victo/Desktop/fara intersectie/bootcamp_nxp/startup/startup_mcxn947_cm33_core0.c:1015:11:OS_EVENT_IRQHandler	8	static
C:/Users/victo/Desktop/fara intersectie/bootcamp_nxp/startup/startup_mcxn947_cm33_core0.c:1019:11:FLEXSPI0_IRQHandler	8	static
C:/Users/victo/Desktop/fara intersectie/bootcamp_nxp/startup/startup_mcxn947_cm33_core0.c:1023:11:SAI0_IRQHandler	8	static
C:/Users/victo/Desktop/fara intersectie/bootcamp_nxp/startup/startup_mcxn947_cm33_core0.c:1027:11:SAI1_IRQHandler	8	static
C:/Users/victo/Desktop/fara intersectie/bootcamp_nxp/startup/startup_mcxn947_cm33_core0.c:1031:11:USDHC0_IRQHandler	8	static
C:/Users/victo/Desktop/fara intersectie/bootcamp_nxp/startup/startup_mcxn947_cm33_core0.c:1035:11:CAN0_IRQHandler	8	static
C:/Users/victo/Desktop/fara intersectie/bootcamp_nxp/startup/startup_mcxn947_cm33_core0.c:1039:11:CAN1_IRQHandler	8	static
C:/Users/victo/Desktop/fara intersectie/bootcamp_nxp/startup/startup_mcxn947_cm33_core0.c:1043:11:Reserved80_IRQHandler	8	static
C:/Users/victo/Desktop/fara intersectie/bootcamp_nxp/startup/startup_mcxn947_cm33_core0.c:1047:11:Reserved81_IRQHandler	8	static
C:/Users/victo/Desktop/fara intersectie/bootcamp_nxp/startup/startup_mcxn947_cm33_core0.c:1051:11:USB1_HS_PHY_IRQHandler	8	static
C:/Users/victo/Desktop/fara intersectie/bootcamp_nxp/startup/startup_mcxn947_cm33_core0.c:1055:11:USB1_HS_IRQHandler	8	static
C:/Users/victo/Desktop/fara intersectie/bootcamp_nxp/startup/startup_mcxn947_cm33_core0.c:1059:11:SEC_HYPERVISOR_CALL_IRQHandler	8	static
C:/Users/victo/Desktop/fara intersectie/bootcamp_nxp/startup/startup_mcxn947_cm33_core0.c:1063:11:Reserved85_IRQHandler	8	static
C:/Users/victo/Desktop/fara intersectie/bootcamp_nxp/startup/startup_mcxn947_cm33_core0.c:1067:11:PLU_IRQHandler	8	static
C:/Users/victo/Desktop/fara intersectie/bootcamp_nxp/startup/startup_mcxn947_cm33_core0.c:1071:11:Freqme_IRQHandler	8	static
C:/Users/victo/Desktop/fara intersectie/bootcamp_nxp/startup/startup_mcxn947_cm33_core0.c:1075:11:SEC_VIO_IRQHandler	8	static
C:/Users/victo/Desktop/fara intersectie/bootcamp_nxp/startup/startup_mcxn947_cm33_core0.c:1079:11:ELS_IRQHandler	8	static
C:/Users/victo/Desktop/fara intersectie/bootcamp_nxp/startup/startup_mcxn947_cm33_core0.c:1083:11:PKC_IRQHandler	8	static
C:/Users/victo/Desktop/fara intersectie/bootcamp_nxp/startup/startup_mcxn947_cm33_core0.c:1087:11:PUF_IRQHandler	8	static
C:/Users/victo/Desktop/fara intersectie/bootcamp_nxp/startup/startup_mcxn947_cm33_core0.c:1091:11:PQ_IRQHandler	8	static
C:/Users/victo/Desktop/fara intersectie/bootcamp_nxp/startup/startup_mcxn947_cm33_core0.c:1095:11:EDMA_1_CH0_IRQHandler	8	static
C:/Users/victo/Desktop/fara intersectie/bootcamp_nxp/startup/startup_mcxn947_cm33_core0.c:1099:11:EDMA_1_CH1_IRQHandler	8	static
C:/Users/victo/Desktop/fara intersectie/bootcamp_nxp/startup/startup_mcxn947_cm33_core0.c:1103:11:EDMA_1_CH2_IRQHandler	8	static
C:/Users/victo/Desktop/fara intersectie/bootcamp_nxp/startup/startup_mcxn947_cm33_core0.c:1107:11:EDMA_1_CH3_IRQHandler	8	static
C:/Users/victo/Desktop/fara intersectie/bootcamp_nxp/startup/startup_mcxn947_cm33_core0.c:1111:11:EDMA_1_CH4_IRQHandler	8	static
C:/Users/victo/Desktop/fara intersectie/bootcamp_nxp/startup/startup_mcxn947_cm33_core0.c:1115:11:EDMA_1_CH5_IRQHandler	8	static
C:/Users/victo/Desktop/fara intersectie/bootcamp_nxp/startup/startup_mcxn947_cm33_core0.c:1119:11:EDMA_1_CH6_IRQHandler	8	static
C:/Users/victo/Desktop/fara intersectie/bootcamp_nxp/startup/startup_mcxn947_cm33_core0.c:1123:11:EDMA_1_CH7_IRQHandler	8	static
C:/Users/victo/Desktop/fara intersectie/bootcamp_nxp/startup/startup_mcxn947_cm33_core0.c:1127:11:EDMA_1_CH8_IRQHandler	8	static
C:/Users/victo/Desktop/fara intersectie/bootcamp_nxp/startup/startup_mcxn947_cm33_core0.c:1131:11:EDMA_1_CH9_IRQHandler	8	static
C:/Users/victo/Desktop/fara intersectie/bootcamp_nxp/startup/startup_mcxn947_cm33_core0.c:1135:11:EDMA_1_CH10_IRQHandler	8	static
C:/Users/victo/Desktop/fara intersectie/bootcamp_nxp/startup/startup_mcxn947_cm33_core0.c:1139:11:EDMA_1_CH11_IRQHandler	8	static
C:/Users/victo/Desktop/fara intersectie/bootcamp_nxp/startup/startup_mcxn947_cm33_core0.c:1143:11:EDMA_1_CH12_IRQHandler	8	static
C:/Users/victo/Desktop/fara intersectie/bootcamp_nxp/startup/startup_mcxn947_cm33_core0.c:1147:11:EDMA_1_CH13_IRQHandler	8	static
C:/Users/victo/Desktop/fara intersectie/bootcamp_nxp/startup/startup_mcxn947_cm33_core0.c:1151:11:EDMA_1_CH14_IRQHandler	8	static
C:/Users/victo/Desktop/fara intersectie/bootcamp_nxp/startup/startup_mcxn947_cm33_core0.c:1155:11:EDMA_1_CH15_IRQHandler	8	static
C:/Users/victo/Desktop/fara intersectie/bootcamp_nxp/startup/startup_mcxn947_cm33_core0.c:1159:11:CDOG0_IRQHandler	8	static
C:/Users/victo/Desktop/fara intersectie/bootcamp_nxp/startup/startup_mcxn947_cm33_core0.c:1163:11:CDOG1_IRQHandler	8	static
C:/Users/victo/Desktop/fara intersectie/bootcamp_nxp/startup/startup_mcxn947_cm33_core0.c:1167:11:I3C0_IRQHandler	8	static
C:/Users/victo/Desktop/fara intersectie/bootcamp_nxp/startup/startup_mcxn947_cm33_core0.c:1171:11:I3C1_IRQHandler	8	static
C:/Users/victo/Desktop/fara intersectie/bootcamp_nxp/startup/startup_mcxn947_cm33_core0.c:1175:11:NPU_IRQHandler	8	static
C:/Users/victo/Desktop/fara intersectie/bootcamp_nxp/startup/startup_mcxn947_cm33_core0.c:1179:11:GDET_IRQHandler	8	static
C:/Users/victo/Desktop/fara intersectie/bootcamp_nxp/startup/startup_mcxn947_cm33_core0.c:1183:11:VBAT0_IRQHandler	8	static
C:/Users/victo/Desktop/fara intersectie/bootcamp_nxp/startup/startup_mcxn947_cm33_core0.c:1187:11:EWM0_IRQHandler	8	static
C:/Users/victo/Desktop/fara intersectie/bootcamp_nxp/startup/startup_mcxn947_cm33_core0.c:1191:11:TSI_END_OF_SCAN_IRQHandler	8	static
C:/Users/victo/Desktop/fara intersectie/bootcamp_nxp/startup/startup_mcxn947_cm33_core0.c:1195:11:TSI_OUT_OF_SCAN_IRQHandler	8	static
C:/Users/victo/Desktop/fara intersectie/bootcamp_nxp/startup/startup_mcxn947_cm33_core0.c:1199:11:EMVSIM0_IRQHandler	8	static
C:/Users/victo/Desktop/fara intersectie/bootcamp_nxp/startup/startup_mcxn947_cm33_core0.c:1203:11:EMVSIM1_IRQHandler	8	static
C:/Users/victo/Desktop/fara intersectie/bootcamp_nxp/startup/startup_mcxn947_cm33_core0.c:1207:11:FLEXIO_IRQHandler	8	static
C:/Users/victo/Desktop/fara intersectie/bootcamp_nxp/startup/startup_mcxn947_cm33_core0.c:1211:11:DAC0_IRQHandler	8	static
C:/Users/victo/Desktop/fara intersectie/bootcamp_nxp/startup/startup_mcxn947_cm33_core0.c:1215:11:DAC1_IRQHandler	8	static
C:/Users/victo/Desktop/fara intersectie/bootcamp_nxp/startup/startup_mcxn947_cm33_core0.c:1219:11:DAC2_IRQHandler	8	static
C:/Users/victo/Desktop/fara intersectie/bootcamp_nxp/startup/startup_mcxn947_cm33_core0.c:1223:11:HSCMP0_IRQHandler	8	static
C:/Users/victo/Desktop/fara intersectie/bootcamp_nxp/startup/startup_mcxn947_cm33_core0.c:1227:11:HSCMP1_IRQHandler	8	static
C:/Users/victo/Desktop/fara intersectie/bootcamp_nxp/startup/startup_mcxn947_cm33_core0.c:1231:11:HSCMP2_IRQHandler	8	static
C:/Users/victo/Desktop/fara intersectie/bootcamp_nxp/startup/startup_mcxn947_cm33_core0.c:1235:11:FLEXPWM0_RELOAD_ERROR_IRQHandler	8	static
C:/Users/victo/Desktop/fara intersectie/bootcamp_nxp/startup/startup_mcxn947_cm33_core0.c:1239:11:FLEXPWM0_FAULT_IRQHandler	8	static
C:/Users/victo/Desktop/fara intersectie/bootcamp_nxp/startup/startup_mcxn947_cm33_core0.c:1243:11:FLEXPWM0_SUBMODULE0_IRQHandler	8	static
C:/Users/victo/Desktop/fara intersectie/bootcamp_nxp/startup/startup_mcxn947_cm33_core0.c:1247:11:FLEXPWM0_SUBMODULE1_IRQHandler	8	static
C:/Users/victo/Desktop/fara intersectie/bootcamp_nxp/startup/startup_mcxn947_cm33_core0.c:1251:11:FLEXPWM0_SUBMODULE2_IRQHandler	8	static
C:/Users/victo/Desktop/fara intersectie/bootcamp_nxp/startup/startup_mcxn947_cm33_core0.c:1255:11:FLEXPWM0_SUBMODULE3_IRQHandler	8	static
C:/Users/victo/Desktop/fara intersectie/bootcamp_nxp/startup/startup_mcxn947_cm33_core0.c:1259:11:FLEXPWM1_RELOAD_ERROR_IRQHandler	8	static
C:/Users/victo/Desktop/fara intersectie/bootcamp_nxp/startup/startup_mcxn947_cm33_core0.c:1263:11:FLEXPWM1_FAULT_IRQHandler	8	static
C:/Users/victo/Desktop/fara intersectie/bootcamp_nxp/startup/startup_mcxn947_cm33_core0.c:1267:11:FLEXPWM1_SUBMODULE0_IRQHandler	8	static
C:/Users/victo/Desktop/fara intersectie/bootcamp_nxp/startup/startup_mcxn947_cm33_core0.c:1271:11:FLEXPWM1_SUBMODULE1_IRQHandler	8	static
C:/Users/victo/Desktop/fara intersectie/bootcamp_nxp/startup/startup_mcxn947_cm33_core0.c:1275:11:FLEXPWM1_SUBMODULE2_IRQHandler	8	static
C:/Users/victo/Desktop/fara intersectie/bootcamp_nxp/startup/startup_mcxn947_cm33_core0.c:1279:11:FLEXPWM1_SUBMODULE3_IRQHandler	8	static
C:/Users/victo/Desktop/fara intersectie/bootcamp_nxp/startup/startup_mcxn947_cm33_core0.c:1283:11:QDC0_COMPARE_IRQHandler	8	static
C:/Users/victo/Desktop/fara intersectie/bootcamp_nxp/startup/startup_mcxn947_cm33_core0.c:1287:11:QDC0_HOME_IRQHandler	8	static
C:/Users/victo/Desktop/fara intersectie/bootcamp_nxp/startup/startup_mcxn947_cm33_core0.c:1291:11:QDC0_WDG_SAB_IRQHandler	8	static
C:/Users/victo/Desktop/fara intersectie/bootcamp_nxp/startup/startup_mcxn947_cm33_core0.c:1295:11:QDC0_IDX_IRQHandler	8	static
C:/Users/victo/Desktop/fara intersectie/bootcamp_nxp/startup/startup_mcxn947_cm33_core0.c:1299:11:QDC1_COMPARE_IRQHandler	8	static
C:/Users/victo/Desktop/fara intersectie/bootcamp_nxp/startup/startup_mcxn947_cm33_core0.c:1303:11:QDC1_HOME_IRQHandler	8	static
C:/Users/victo/Desktop/fara intersectie/bootcamp_nxp/startup/startup_mcxn947_cm33_core0.c:1307:11:QDC1_WDG_SAB_IRQHandler	8	static
C:/Users/victo/Desktop/fara intersectie/bootcamp_nxp/startup/startup_mcxn947_cm33_core0.c:1311:11:QDC1_IDX_IRQHandler	8	static
C:/Users/victo/Desktop/fara intersectie/bootcamp_nxp/startup/startup_mcxn947_cm33_core0.c:1315:11:ITRC0_IRQHandler	8	static
C:/Users/victo/Desktop/fara intersectie/bootcamp_nxp/startup/startup_mcxn947_cm33_core0.c:1319:11:BSP32_IRQHandler	8	static
C:/Users/victo/Desktop/fara intersectie/bootcamp_nxp/startup/startup_mcxn947_cm33_core0.c:1323:11:ELS_ERR_IRQHandler	8	static
C:/Users/victo/Desktop/fara intersectie/bootcamp_nxp/startup/startup_mcxn947_cm33_core0.c:1327:11:PKC_ERR_IRQHandler	8	static
C:/Users/victo/Desktop/fara intersectie/bootcamp_nxp/startup/startup_mcxn947_cm33_core0.c:1331:11:ERM_SINGLE_BIT_ERROR_IRQHandler	8	static
C:/Users/victo/Desktop/fara intersectie/bootcamp_nxp/startup/startup_mcxn947_cm33_core0.c:1335:11:ERM_MULTI_BIT_ERROR_IRQHandler	8	static
C:/Users/victo/Desktop/fara intersectie/bootcamp_nxp/startup/startup_mcxn947_cm33_core0.c:1339:11:FMU0_IRQHandler	8	static
C:/Users/victo/Desktop/fara intersectie/bootcamp_nxp/startup/startup_mcxn947_cm33_core0.c:1343:11:ETHERNET_IRQHandler	8	static
C:/Users/victo/Desktop/fara intersectie/bootcamp_nxp/startup/startup_mcxn947_cm33_core0.c:1347:11:ETHERNET_PMT_IRQHandler	8	static
C:/Users/victo/Desktop/fara intersectie/bootcamp_nxp/startup/startup_mcxn947_cm33_core0.c:1351:11:ETHERNET_MACLP_IRQHandler	8	static
C:/Users/victo/Desktop/fara intersectie/bootcamp_nxp/startup/startup_mcxn947_cm33_core0.c:1355:11:SINC_FILTER_IRQHandler	8	static
C:/Users/victo/Desktop/fara intersectie/bootcamp_nxp/startup/startup_mcxn947_cm33_core0.c:1359:11:LPTMR0_IRQHandler	8	static
C:/Users/victo/Desktop/fara intersectie/bootcamp_nxp/startup/startup_mcxn947_cm33_core0.c:1363:11:LPTMR1_IRQHandler	8	static
C:/Users/victo/Desktop/fara intersectie/bootcamp_nxp/startup/startup_mcxn947_cm33_core0.c:1367:11:SCG_IRQHandler	8	static
C:/Users/victo/Desktop/fara intersectie/bootcamp_nxp/startup/startup_mcxn947_cm33_core0.c:1371:11:SPC_IRQHandler	8	static
C:/Users/victo/Desktop/fara intersectie/bootcamp_nxp/startup/startup_mcxn947_cm33_core0.c:1375:11:WUU_IRQHandler	8	static
C:/Users/victo/Desktop/fara intersectie/bootcamp_nxp/startup/startup_mcxn947_cm33_core0.c:1379:11:PORT_EFT_IRQHandler	8	static
C:/Users/victo/Desktop/fara intersectie/bootcamp_nxp/startup/startup_mcxn947_cm33_core0.c:1383:11:ETB0_IRQHandler	8	static
C:/Users/victo/Desktop/fara intersectie/bootcamp_nxp/startup/startup_mcxn947_cm33_core0.c:1387:11:Reserved166_IRQHandler	8	static
C:/Users/victo/Desktop/fara intersectie/bootcamp_nxp/startup/startup_mcxn947_cm33_core0.c:1391:11:Reserved167_IRQHandler	8	static
C:/Users/victo/Desktop/fara intersectie/bootcamp_nxp/startup/startup_mcxn947_cm33_core0.c:1395:11:WWDT0_IRQHandler	8	static
C:/Users/victo/Desktop/fara intersectie/bootcamp_nxp/startup/startup_mcxn947_cm33_core0.c:1399:11:WWDT1_IRQHandler	8	static
C:/Users/victo/Desktop/fara intersectie/bootcamp_nxp/startup/startup_mcxn947_cm33_core0.c:1403:11:CMC0_IRQHandler	8	static
C:/Users/victo/Desktop/fara intersectie/bootcamp_nxp/startup/startup_mcxn947_cm33_core0.c:1407:11:CTI0_IRQHandler	8	static
