C:/Users/victo/Desktop/git version/bootcamp_nxp/drivers/fsl_clock.h:1957:22:CLOCK_IsPLL0Locked	4	static
C:/Users/victo/Desktop/git version/bootcamp_nxp/drivers/fsl_clock.h:1965:22:CLOCK_IsPLL1Locked	4	static
C:/Users/victo/Desktop/git version/bootcamp_nxp/drivers/fsl_clock.c:145:10:CLOCK_SetupFROHFClocking	16	static
C:/Users/victo/Desktop/git version/bootcamp_nxp/drivers/fsl_clock.c:179:10:CLOCK_SetupExtClocking	24	static
C:/Users/victo/Desktop/git version/bootcamp_nxp/drivers/fsl_clock.c:253:10:CLOCK_SetupExtRefClocking	24	static
C:/Users/victo/Desktop/git version/bootcamp_nxp/drivers/fsl_clock.c:330:10:CLOCK_SetupOsc32KClocking	16	static
C:/Users/victo/Desktop/git version/bootcamp_nxp/drivers/fsl_clock.c:383:6:CLOCK_GetDefaultOsc32KConfig	16	static
C:/Users/victo/Desktop/git version/bootcamp_nxp/drivers/fsl_clock.c:404:10:CLOCK_SetupOsc32KClockingConfig	32	static
C:/Users/victo/Desktop/git version/bootcamp_nxp/drivers/fsl_clock.c:456:10:CLOCK_SetupClk16KClocking	16	static
C:/Users/victo/Desktop/git version/bootcamp_nxp/drivers/fsl_clock.c:474:10:CLOCK_FROHFTrimConfig	16	static
C:/Users/victo/Desktop/git version/bootcamp_nxp/drivers/fsl_clock.c:509:10:CLOCK_FRO12MTrimConfig	16	static
C:/Users/victo/Desktop/git version/bootcamp_nxp/drivers/fsl_clock.c:548:6:CLOCK_SetSysOscMonitorMode	24	static
C:/Users/victo/Desktop/git version/bootcamp_nxp/drivers/fsl_clock.c:567:6:CLOCK_SetRoscMonitorMode	24	static
C:/Users/victo/Desktop/git version/bootcamp_nxp/drivers/fsl_clock.c:586:6:CLOCK_SetUpllMonitorMode	24	static
C:/Users/victo/Desktop/git version/bootcamp_nxp/drivers/fsl_clock.c:605:6:CLOCK_SetPll0MonitorMode	24	static
C:/Users/victo/Desktop/git version/bootcamp_nxp/drivers/fsl_clock.c:624:6:CLOCK_SetPll1MonitorMode	24	static
C:/Users/victo/Desktop/git version/bootcamp_nxp/drivers/fsl_clock.c:642:10:CLOCK_SetFLASHAccessCyclesForFreq	24	static
C:/Users/victo/Desktop/git version/bootcamp_nxp/drivers/fsl_clock.c:724:6:VBAT_SetOscConfig	24	static
C:/Users/victo/Desktop/git version/bootcamp_nxp/drivers/fsl_clock.c:769:6:CLOCK_AttachClk	40	static
C:/Users/victo/Desktop/git version/bootcamp_nxp/drivers/fsl_clock.c:818:19:CLOCK_GetClockAttachId	48	static
C:/Users/victo/Desktop/git version/bootcamp_nxp/drivers/fsl_clock.c:867:6:CLOCK_SetClkDiv	24	static
C:/Users/victo/Desktop/git version/bootcamp_nxp/drivers/fsl_clock.c:891:10:CLOCK_GetClkDiv	24	static
C:/Users/victo/Desktop/git version/bootcamp_nxp/drivers/fsl_clock.c:916:6:CLOCK_HaltClkDiv	24	static
C:/Users/victo/Desktop/git version/bootcamp_nxp/drivers/fsl_clock.c:934:6:CLOCK_SetupClockCtrl	16	static
C:/Users/victo/Desktop/git version/bootcamp_nxp/drivers/fsl_clock.c:945:10:CLOCK_GetFreq	24	static
C:/Users/victo/Desktop/git version/bootcamp_nxp/drivers/fsl_clock.c:1034:10:CLOCK_GetCTimerClkFreq	24	static
C:/Users/victo/Desktop/git version/bootcamp_nxp/drivers/fsl_clock.c:1088:10:CLOCK_GetAdcClkFreq	24	static
C:/Users/victo/Desktop/git version/bootcamp_nxp/drivers/fsl_clock.c:1128:10:CLOCK_GetUsb0ClkFreq	16	static
C:/Users/victo/Desktop/git version/bootcamp_nxp/drivers/fsl_clock.c:1165:10:CLOCK_GetLPFlexCommClkFreq	24	static
C:/Users/victo/Desktop/git version/bootcamp_nxp/drivers/fsl_clock.c:1201:10:CLOCK_GetSctClkFreq	16	static
C:/Users/victo/Desktop/git version/bootcamp_nxp/drivers/fsl_clock.c:1240:10:CLOCK_GetTsiClkFreq	16	static
C:/Users/victo/Desktop/git version/bootcamp_nxp/drivers/fsl_clock.c:1264:10:CLOCK_GetSincFilterClkFreq	16	static
C:/Users/victo/Desktop/git version/bootcamp_nxp/drivers/fsl_clock.c:1299:10:CLOCK_GetDacClkFreq	24	static
C:/Users/victo/Desktop/git version/bootcamp_nxp/drivers/fsl_clock.c:1332:10:CLOCK_GetFlexspiClkFreq	16	static
C:/Users/victo/Desktop/git version/bootcamp_nxp/drivers/fsl_clock.c:1361:10:CLOCK_GetPll0OutFreq	32	static
C:/Users/victo/Desktop/git version/bootcamp_nxp/drivers/fsl_clock.c:1389:10:CLOCK_GetPll1OutFreq	32	static
C:/Users/victo/Desktop/git version/bootcamp_nxp/drivers/fsl_clock.c:1417:10:CLOCK_GetPllClkDivFreq	16	static
C:/Users/victo/Desktop/git version/bootcamp_nxp/drivers/fsl_clock.c:1444:10:CLOCK_GetExtUpllFreq	4	static
C:/Users/victo/Desktop/git version/bootcamp_nxp/drivers/fsl_clock.c:1458:6:CLOCK_SetExtUpllFreq	16	static
C:/Users/victo/Desktop/git version/bootcamp_nxp/drivers/fsl_clock.c:1467:10:CLOCK_GetI3cClkFreq	24	static
C:/Users/victo/Desktop/git version/bootcamp_nxp/drivers/fsl_clock.c:1503:10:CLOCK_GetI3cSTCClkFreq	24	static
C:/Users/victo/Desktop/git version/bootcamp_nxp/drivers/fsl_clock.c:1550:10:CLOCK_GetI3cSClkFreq	24	static
C:/Users/victo/Desktop/git version/bootcamp_nxp/drivers/fsl_clock.c:1575:10:CLOCK_GetMicfilClkFreq	16	static
C:/Users/victo/Desktop/git version/bootcamp_nxp/drivers/fsl_clock.c:1616:10:CLOCK_GetUsdhcClkFreq	16	static
C:/Users/victo/Desktop/git version/bootcamp_nxp/drivers/fsl_clock.c:1651:10:CLOCK_GetFlexioClkFreq	16	static
C:/Users/victo/Desktop/git version/bootcamp_nxp/drivers/fsl_clock.c:1686:10:CLOCK_GetFlexcanClkFreq	24	static
C:/Users/victo/Desktop/git version/bootcamp_nxp/drivers/fsl_clock.c:1722:10:CLOCK_GetEnetRmiiClkFreq	16	static
C:/Users/victo/Desktop/git version/bootcamp_nxp/drivers/fsl_clock.c:1749:10:CLOCK_GetEnetPtpRefClkFreq	16	static
C:/Users/victo/Desktop/git version/bootcamp_nxp/drivers/fsl_clock.c:1779:6:CLOCK_SetupEnetTxClk	16	static
C:/Users/victo/Desktop/git version/bootcamp_nxp/drivers/fsl_clock.c:1790:10:CLOCK_GetEnetTxClkFreq	4	static
C:/Users/victo/Desktop/git version/bootcamp_nxp/drivers/fsl_clock.c:1799:10:CLOCK_GetEwm0ClkFreq	16	static
C:/Users/victo/Desktop/git version/bootcamp_nxp/drivers/fsl_clock.c:1823:10:CLOCK_GetWdtClkFreq	24	static
C:/Users/victo/Desktop/git version/bootcamp_nxp/drivers/fsl_clock.c:1864:10:CLOCK_GetOstimerClkFreq	16	static
C:/Users/victo/Desktop/git version/bootcamp_nxp/drivers/fsl_clock.c:1891:10:CLOCK_GetCmpFClkFreq	24	static
C:/Users/victo/Desktop/git version/bootcamp_nxp/drivers/fsl_clock.c:1931:10:CLOCK_GetCmpRRClkFreq	24	static
C:/Users/victo/Desktop/git version/bootcamp_nxp/drivers/fsl_clock.c:1971:10:CLOCK_GetSaiClkFreq	24	static
C:/Users/victo/Desktop/git version/bootcamp_nxp/drivers/fsl_clock.c:2007:6:CLOCK_SetupSaiMclk	16	static
C:/Users/victo/Desktop/git version/bootcamp_nxp/drivers/fsl_clock.c:2018:6:CLOCK_SetupSaiTxBclk	16	static
C:/Users/victo/Desktop/git version/bootcamp_nxp/drivers/fsl_clock.c:2029:6:CLOCK_SetupSaiRxBclk	16	static
C:/Users/victo/Desktop/git version/bootcamp_nxp/drivers/fsl_clock.c:2040:10:CLOCK_GetSaiMclkFreq	16	static
C:/Users/victo/Desktop/git version/bootcamp_nxp/drivers/fsl_clock.c:2049:10:CLOCK_GetSaiTxBclkFreq	16	static
C:/Users/victo/Desktop/git version/bootcamp_nxp/drivers/fsl_clock.c:2058:10:CLOCK_GetSaiRxBclkFreq	16	static
C:/Users/victo/Desktop/git version/bootcamp_nxp/drivers/fsl_clock.c:2067:10:CLOCK_GetEmvsimClkFreq	24	static
C:/Users/victo/Desktop/git version/bootcamp_nxp/drivers/fsl_clock.c:2104:10:CLOCK_GetPLL0InClockRate	16	static
C:/Users/victo/Desktop/git version/bootcamp_nxp/drivers/fsl_clock.c:2128:10:CLOCK_GetPLL1InClockRate	16	static
C:/Users/victo/Desktop/git version/bootcamp_nxp/drivers/fsl_clock.c:2156:10:CLOCK_GetPLLOutFromSetup	40	static
C:/Users/victo/Desktop/git version/bootcamp_nxp/drivers/fsl_clock.c:2184:13:CLOCK_SetupPLLData	24	static
C:/Users/victo/Desktop/git version/bootcamp_nxp/drivers/fsl_clock.c:2235:13:CLOCK_SetPLL0Freq	40	static
C:/Users/victo/Desktop/git version/bootcamp_nxp/drivers/fsl_clock.c:2293:13:CLOCK_SetPLL1Freq	40	static
C:/Users/victo/Desktop/git version/bootcamp_nxp/drivers/fsl_clock.c:2343:6:CLOCK_EnableOstimer32kClock	4	static
C:/Users/victo/Desktop/git version/bootcamp_nxp/drivers/fsl_clock.c:2352:17:CLOCK_GetFro12MFreq	4	static
C:/Users/victo/Desktop/git version/bootcamp_nxp/drivers/fsl_clock.c:2361:17:CLOCK_GetClk1MFreq	4	static
C:/Users/victo/Desktop/git version/bootcamp_nxp/drivers/fsl_clock.c:2370:17:CLOCK_GetFroHfFreq	16	static
C:/Users/victo/Desktop/git version/bootcamp_nxp/drivers/fsl_clock.c:2394:17:CLOCK_GetClk48MFreq	4	static
C:/Users/victo/Desktop/git version/bootcamp_nxp/drivers/fsl_clock.c:2403:17:CLOCK_GetClk144MFreq	4	static
C:/Users/victo/Desktop/git version/bootcamp_nxp/drivers/fsl_clock.c:2412:17:CLOCK_GetClk16KFreq	16	static
C:/Users/victo/Desktop/git version/bootcamp_nxp/drivers/fsl_clock.c:2423:17:CLOCK_GetExtClkFreq	4	static
C:/Users/victo/Desktop/git version/bootcamp_nxp/drivers/fsl_clock.c:2432:17:CLOCK_GetOsc32KFreq	16	static
C:/Users/victo/Desktop/git version/bootcamp_nxp/drivers/fsl_clock.c:2443:10:CLOCK_GetMainClkFreq	16	static
C:/Users/victo/Desktop/git version/bootcamp_nxp/drivers/fsl_clock.c:2482:10:CLOCK_GetCoreSysClkFreq	16	static
C:/Users/victo/Desktop/git version/bootcamp_nxp/drivers/fsl_clock.c:2495:17:CLOCK_GetSystickClkFreq	24	static
C:/Users/victo/Desktop/git version/bootcamp_nxp/drivers/fsl_clock.c:2522:17:CLOCK_GetClockOutClkFreq	16	static
C:/Users/victo/Desktop/git version/bootcamp_nxp/drivers/fsl_clock.c:2563:17:CLOCK_GetLposcFreq	16	static
C:/Users/victo/Desktop/git version/bootcamp_nxp/drivers/fsl_clock.c:2584:13:pllFindSel	32	static
C:/Users/victo/Desktop/git version/bootcamp_nxp/drivers/fsl_clock.c:2628:17:findPll0PreDiv	16	static
C:/Users/victo/Desktop/git version/bootcamp_nxp/drivers/fsl_clock.c:2645:17:findPll1PreDiv	16	static
C:/Users/victo/Desktop/git version/bootcamp_nxp/drivers/fsl_clock.c:2662:17:findPll0PostDiv	16	static
C:/Users/victo/Desktop/git version/bootcamp_nxp/drivers/fsl_clock.c:2686:17:findPll1PostDiv	16	static
C:/Users/victo/Desktop/git version/bootcamp_nxp/drivers/fsl_clock.c:2710:14:findPll0MMult	24	static
C:/Users/victo/Desktop/git version/bootcamp_nxp/drivers/fsl_clock.c:2736:14:findPll1MMult	24	static
C:/Users/victo/Desktop/git version/bootcamp_nxp/drivers/fsl_clock.c:2762:17:FindGreatestCommonDivisor	24	static
C:/Users/victo/Desktop/git version/bootcamp_nxp/drivers/fsl_clock.c:2788:20:CLOCK_GetPllConfig	32	static
C:/Users/victo/Desktop/git version/bootcamp_nxp/drivers/fsl_clock.c:2843:20:CLOCK_GetPllConfigInternal	128	static
C:/Users/victo/Desktop/git version/bootcamp_nxp/drivers/fsl_clock.c:3000:17:CLOCK_GetPLLInClockRateFromSetup	24	static
C:/Users/victo/Desktop/git version/bootcamp_nxp/drivers/fsl_clock.c:3024:17:findPllPreDivFromSetup	24	static
C:/Users/victo/Desktop/git version/bootcamp_nxp/drivers/fsl_clock.c:3041:17:findPllPostDivFromSetup	24	static
C:/Users/victo/Desktop/git version/bootcamp_nxp/drivers/fsl_clock.c:3065:14:findPllMMultFromSetup	32	static
C:/Users/victo/Desktop/git version/bootcamp_nxp/drivers/fsl_clock.c:3093:6:CLOCK_EnableUsbfsClock	8	static
C:/Users/victo/Desktop/git version/bootcamp_nxp/drivers/fsl_clock.c:3114:6:CLOCK_EnableUsbhsPhyPllClock	24	static
C:/Users/victo/Desktop/git version/bootcamp_nxp/drivers/fsl_clock.c:3202:6:CLOCK_DisableUsbhsPhyPllClock	4	static
C:/Users/victo/Desktop/git version/bootcamp_nxp/drivers/fsl_clock.c:3211:6:CLOCK_EnableUsbhsClock	16	static
C:/Users/victo/Desktop/git version/bootcamp_nxp/drivers/fsl_clock.c:3226:10:CLOCK_FIRCAutoTrimWithSOF	16	static
