C:/Users/victo/Desktop/nxpcup/race code/nxpcup_race/drivers/fsl_clock.h:1488:20:CLOCK_EnableClock	24	static
C:/Users/victo/Desktop/nxpcup/race code/nxpcup_race/board/clock_config.c:47:6:BOARD_InitBootClocks	8	static
C:/Users/victo/Desktop/nxpcup/race code/nxpcup_race/board/clock_config.c:79:6:BOARD_BootClockFRO12M_InitClockModule	16	static
C:/Users/victo/Desktop/nxpcup/race code/nxpcup_race/board/clock_config.c:306:6:BOARD_BootClockFRO12M	24	static
C:/Users/victo/Desktop/nxpcup/race code/nxpcup_race/board/clock_config.c:421:6:BOARD_BootClockFROHF48M_InitClockModule	16	static
C:/Users/victo/Desktop/nxpcup/race code/nxpcup_race/board/clock_config.c:649:6:BOARD_BootClockFROHF48M	24	static
C:/Users/victo/Desktop/nxpcup/race code/nxpcup_race/board/clock_config.c:769:6:BOARD_BootClockFROHF144M_InitClockModule	16	static
C:/Users/victo/Desktop/nxpcup/race code/nxpcup_race/board/clock_config.c:997:6:BOARD_BootClockFROHF144M	24	static
C:/Users/victo/Desktop/nxpcup/race code/nxpcup_race/board/clock_config.c:1146:6:BOARD_BootClockPLL150M_InitClockModule	48	static
C:/Users/victo/Desktop/nxpcup/race code/nxpcup_race/board/clock_config.c:1387:6:BOARD_BootClockPLL150M	24	static
C:/Users/victo/Desktop/nxpcup/race code/nxpcup_race/board/clock_config.c:1512:6:BOARD_BootClockPLL100M_InitClockModule	48	static
C:/Users/victo/Desktop/nxpcup/race code/nxpcup_race/board/clock_config.c:1759:6:BOARD_BootClockPLL100M	24	static
