C:/Users/victo/Desktop/git version/bootcamp_nxp/CMSIS/core_cm33.h:2358:22:__NVIC_EnableIRQ	16	static
C:/Users/victo/Desktop/git version/bootcamp_nxp/CMSIS/core_cm33.h:2555:22:__NVIC_SetPriority	16	static
C:/Users/victo/Desktop/git version/bootcamp_nxp/drivers/fsl_common_arm.h:672:24:EnableIRQ	24	static
C:/Users/victo/Desktop/git version/bootcamp_nxp/drivers/fsl_edma.h:705:20:EDMA_SetChannelMux	24	static
C:/Users/victo/Desktop/git version/bootcamp_nxp/drivers/fsl_ctimer.h:517:20:CTIMER_StartTimer	16	static
C:/Users/victo/Desktop/git version/bootcamp_nxp/board/peripherals.c:202:13:CTIMER0_init	16	static
C:/Users/victo/Desktop/git version/bootcamp_nxp/board/peripherals.c:252:13:GPIO0_init	8	static
C:/Users/victo/Desktop/git version/bootcamp_nxp/board/peripherals.c:373:13:LP_FLEXCOMM2_init	16	static
C:/Users/victo/Desktop/git version/bootcamp_nxp/board/peripherals.c:429:13:CTIMER4_init	8	static
C:/Users/victo/Desktop/git version/bootcamp_nxp/board/peripherals.c:479:13:CTIMER2_init	16	static
C:/Users/victo/Desktop/git version/bootcamp_nxp/board/peripherals.c:491:13:BOARD_InitPeripherals_CommonPostInit	8	static
C:/Users/victo/Desktop/git version/bootcamp_nxp/board/peripherals.c:507:6:BOARD_InitPeripherals	8	static
C:/Users/victo/Desktop/git version/bootcamp_nxp/board/peripherals.c:526:6:BOARD_InitBootPeripherals	8	static
