C:/Users/victo/Desktop/fara intersectie/bootcamp_nxp/drivers/fsl_clock.h:1488:20:CLOCK_EnableClock	24	static
C:/Users/victo/Desktop/fara intersectie/bootcamp_nxp/drivers/fsl_port.h:360:20:PORT_SetPinConfig	32	static
C:/Users/victo/Desktop/fara intersectie/bootcamp_nxp/drivers/fsl_port.h:463:20:PORT_SetPinMux	24	static
C:/Users/victo/Desktop/fara intersectie/bootcamp_nxp/board/pin_mux.c:37:6:BOARD_InitBootPins	8	static
C:/Users/victo/Desktop/fara intersectie/bootcamp_nxp/board/pin_mux.c:69:6:BOARD_InitPins	24	static
